[2026-06-29T18:43:56+00:00] TO: dev-lead@company.com
SUBJECT: Approval needed: J (TASK-20392)
Environment: INTEG
Description: 
Please review and approve/reject.
------------------------------------------------------------
[2026-06-29T18:43:56+00:00] TO: qa@company.com
SUBJECT: Approval needed: J (TASK-20392)
dev_lead has approved. Your approval is now required.
------------------------------------------------------------
[2026-06-29T18:43:57+00:00] TO: devops@company.com
SUBJECT: Approval needed: J (TASK-20392)
qa has approved. Your approval is now required.
------------------------------------------------------------
[2026-06-29T18:43:57+00:00] TO: requester@company.com
SUBJECT: Request approved and running: J
All approvals complete. Orchestrator has started.
------------------------------------------------------------
[2026-06-29T18:48:50+00:00] TO: dev-lead@company.com
SUBJECT: Approval needed: dfsfdsf (TASK-20392)
Environment: DEV
Description: fdsfsdf
Please review and approve/reject.
------------------------------------------------------------
[2026-06-29T18:49:08+00:00] TO: qa@company.com
SUBJECT: Approval needed: dfsfdsf (TASK-20392)
dev_lead has approved. Your approval is now required.
------------------------------------------------------------
[2026-06-29T18:49:12+00:00] TO: devops@company.com
SUBJECT: Approval needed: dfsfdsf (TASK-20392)
qa has approved. Your approval is now required.
------------------------------------------------------------
[2026-06-29T18:49:15+00:00] TO: requester@company.com
SUBJECT: Request approved and running: dfsfdsf
All approvals complete. Orchestrator has started.
------------------------------------------------------------
[2026-06-30T09:35:03+00:00] TO: dev-lead@company.com
SUBJECT: Approval needed: TRB-2001 (TASK-20395)
Environment: INTEG
Description: this is a dummy project
Please review and approve/reject.
------------------------------------------------------------
[2026-06-30T09:35:39+00:00] TO: qa@company.com
SUBJECT: Approval needed: TRB-2001 (TASK-20395)
dev_lead has approved. Your approval is now required.
------------------------------------------------------------
[2026-06-30T09:37:24+00:00] TO: devops@company.com
SUBJECT: Approval needed: TRB-2001 (TASK-20395)
qa has approved. Your approval is now required.
------------------------------------------------------------
[2026-06-30T09:37:41+00:00] TO: requester@company.com
SUBJECT: Request approved and running: TRB-2001
All approvals complete. Orchestrator has started.
------------------------------------------------------------
[2026-06-30T09:46:20+00:00] TO: dev-lead@company.com
SUBJECT: Approval needed: TRB-2026 (TASK-20396)
Environment: INTEG
Description: similated
Please review and approve/reject.
------------------------------------------------------------
[2026-06-30T09:46:40+00:00] TO: qa@company.com
SUBJECT: Approval needed: TRB-2026 (TASK-20396)
dev_lead has approved. Your approval is now required.
------------------------------------------------------------
[2026-06-30T09:47:06+00:00] TO: requester@company.com
SUBJECT: Request rejected: TRB-2026
Rejected by qa.
Reason: Cant have this in current week release
------------------------------------------------------------
[2026-06-30T09:49:01+00:00] TO: dev-lead@company.com
SUBJECT: Approval needed: jgjhg (TASK-20397)
Environment: INTEG
Description: uhuh
Please review and approve/reject.
------------------------------------------------------------
[2026-06-30T09:49:03+00:00] TO: devops@company.com
SUBJECT: Approval needed: jgjhg (TASK-20397)
dev_lead has approved. Your approval is now required.
------------------------------------------------------------
[2026-06-30T09:49:04+00:00] TO: requester@company.com
SUBJECT: Request approved and running: jgjhg
All approvals complete. Orchestrator has started.
------------------------------------------------------------
[2026-06-30T10:37:37+00:00] TO: dev-lead@company.com
SUBJECT: Approval needed: fdksjakl (TASK-20398)
Environment: INTEG
Description: dasf
Please review and approve/reject.
------------------------------------------------------------
[2026-06-30T10:42:35+00:00] TO: qa@company.com
SUBJECT: Approval needed: fdksjakl (TASK-20398)
dev_lead has approved. Your approval is now required.
------------------------------------------------------------
[2026-06-30T10:43:17+00:00] TO: devops@company.com
SUBJECT: Approval needed: fdksjakl (TASK-20398)
qa has approved. Your approval is now required.
------------------------------------------------------------
[2026-06-30T10:43:48+00:00] TO: requester@company.com
SUBJECT: Request approved and running: fdksjakl
All approvals complete. Orchestrator has started.
------------------------------------------------------------
[2026-06-30T10:49:50+00:00] TO: dev-lead@company.com
SUBJECT: Approval needed: sadfsad (TASK-20399)
Environment: INTEG
Description: 
Please review and approve/reject.
------------------------------------------------------------
